
> sweet@0.1.0 build
> next build

node.exe : ΓÜá 
Warning: Next.js 
inferred your 
workspace root, but 
it may not be 
correct.
At line:1 char:1
+ & "C:\Program Files
\nodejs/node.exe" 
"C:\Program 
Files\nodejs/node_mo 
...
+ ~~~~~~~~~~~~~~~~~~~
~~~~~~~~~~~~~~~~~~~~~
~~~~~~~~~~~~~~~~~~~~~
~~~~~~~~
    + CategoryInfo   
           : NotSpe  
  cified: (ΓÜá War   
 ning: Ne...not b    
e correct.:Strin    
g) [], RemoteExc    
eption
    + FullyQualified 
   ErrorId : Native  
  CommandError
 
 We detected 
multiple lockfiles 
and selected the 
directory of C:\Users
\harih\package-lock.j
son as the root 
directory.
 To silence this 
warning, set 
`turbopack.root` in 
your Next.js config, 
or consider removing 
one of the lockfiles 
if it's not needed.
   See https://nextjs
.org/docs/app/api-ref
erence/config/next-co
nfig-js/turbopack#roo
t-directory for more 
information.
 Detected additional 
lockfiles: 
   * C:\Users\harih\D
ownloads\sweet\packag
e-lock.json

Γû▓ Next.js 16.1.1 (Turbopack)
- Environments: .env.local


> Build error 
occurred
Error: Ambiguous app 
routes detected:

Ambiguous route 
pattern 
"/admin/content/[*]" 
matches multiple 
routes:
  - /admin/content/[s
ectionId]
  - /admin/content/[s
ection]

These routes cannot 
be distinguished 
from each other when 
matching URLs. 
Please ensure that 
dynamic segments 
have unique patterns 
or use different 
static segments.
    at ignore-listed 
frames
